INFO:     Will watch for changes in these directories: ['C:\\Projects_UpToDate\\HBL_Codemate\\backend']
INFO:     Uvicorn running on http://127.0.0.1:8000 (Press CTRL+C to quit)
INFO:     Started reloader process [23880] using WatchFiles
Process SpawnProcess-1:
Traceback (most recent call last):
  File "C:\Users\TAKUR\AppData\Local\Python\pythoncore-3.14-64\Lib\multiprocessing\process.py", line 320, in _bootstrap
    self.run()
    ~~~~~~~~^^
  File "C:\Users\TAKUR\AppData\Local\Python\pythoncore-3.14-64\Lib\multiprocessing\process.py", line 108, in run
    self._target(*self._args, **self._kwargs)
    ~~~~~~~~~~~~^^^^^^^^^^^^^^^^^^^^^^^^^^^^^
  File "C:\Projects_UpToDate\HBL_Codemate\backend\venv\Lib\site-packages\uvicorn\_subprocess.py", line 80, in subprocess_started
    target(sockets=sockets)
    ~~~~~~^^^^^^^^^^^^^^^^^
  File "C:\Projects_UpToDate\HBL_Codemate\backend\venv\Lib\site-packages\uvicorn\server.py", line 77, in run
    return asyncio_run(self.serve(sockets=sockets), loop_factory=self.config.get_loop_factory())
  File "C:\Users\TAKUR\AppData\Local\Python\pythoncore-3.14-64\Lib\asyncio\runners.py", line 204, in run
    return runner.run(main)
           ~~~~~~~~~~^^^^^^
  File "C:\Users\TAKUR\AppData\Local\Python\pythoncore-3.14-64\Lib\asyncio\runners.py", line 127, in run
    return self._loop.run_until_complete(task)
           ~~~~~~~~~~~~~~~~~~~~~~~~~~~~~^^^^^^
  File "C:\Users\TAKUR\AppData\Local\Python\pythoncore-3.14-64\Lib\asyncio\base_events.py", line 719, in run_until_complete
    return future.result()
           ~~~~~~~~~~~~~^^
  File "C:\Projects_UpToDate\HBL_Codemate\backend\venv\Lib\site-packages\uvicorn\server.py", line 81, in serve
    await self._serve(sockets)
  File "C:\Projects_UpToDate\HBL_Codemate\backend\venv\Lib\site-packages\uvicorn\server.py", line 88, in _serve
    config.load()
    ~~~~~~~~~~~^^
  File "C:\Projects_UpToDate\HBL_Codemate\backend\venv\Lib\site-packages\uvicorn\config.py", line 494, in load
    self.loaded_app = self.load_app()
                      ~~~~~~~~~~~~~^^
  File "C:\Projects_UpToDate\HBL_Codemate\backend\venv\Lib\site-packages\uvicorn\config.py", line 428, in load_app
    return import_from_string(self.app)
  File "C:\Projects_UpToDate\HBL_Codemate\backend\venv\Lib\site-packages\uvicorn\importer.py", line 19, in import_from_string
    module = importlib.import_module(module_str)
  File "C:\Users\TAKUR\AppData\Local\Python\pythoncore-3.14-64\Lib\importlib\__init__.py", line 88, in import_module
    return _bootstrap._gcd_import(name[level:], package, level)
           ~~~~~~~~~~~~~~~~~~~~~~^^^^^^^^^^^^^^^^^^^^^^^^^^^^^^
  File "<frozen importlib._bootstrap>", line 1398, in _gcd_import
  File "<frozen importlib._bootstrap>", line 1371, in _find_and_load
  File "<frozen importlib._bootstrap>", line 1342, in _find_and_load_unlocked
  File "<frozen importlib._bootstrap>", line 938, in _load_unlocked
  File "<frozen importlib._bootstrap_external>", line 759, in exec_module
  File "<frozen importlib._bootstrap>", line 491, in _call_with_frames_removed
  File "C:\Projects_UpToDate\HBL_Codemate\backend\app\main.py", line 4, in <module>
    from app.api.routes import auth, dashboard, problems, submissions, waveforms, leaderboard, achievements, learning, ai
  File "C:\Projects_UpToDate\HBL_Codemate\backend\app\api\routes\submissions.py", line 7, in <module>
    from app.services import submission_service
  File "C:\Projects_UpToDate\HBL_Codemate\backend\app\services\submission_service.py", line 10, in <module>
    judge = JudgeService(use_docker=True)
TypeError: JudgeService.__init__() got an unexpected keyword argument 'use_docker'
WARNING:  WatchFiles detected changes in 'app\services\submission_service.py'. Reloading...
 Process SpawnProcess-2:
Traceback (most recent call last):
  File "C:\Users\TAKUR\AppData\Local\Python\pythoncore-3.14-64\Lib\multiprocessing\process.py", line 320, in _bootstrap
    self.run()
    ~~~~~~~~^^
  File "C:\Users\TAKUR\AppData\Local\Python\pythoncore-3.14-64\Lib\multiprocessing\process.py", line 108, in run
    self._target(*self._args, **self._kwargs)
    ~~~~~~~~~~~~^^^^^^^^^^^^^^^^^^^^^^^^^^^^^
  File "C:\Projects_UpToDate\HBL_Codemate\backend\venv\Lib\site-packages\uvicorn\_subprocess.py", line 80, in subprocess_started
    target(sockets=sockets)
    ~~~~~~^^^^^^^^^^^^^^^^^
  File "C:\Projects_UpToDate\HBL_Codemate\backend\venv\Lib\site-packages\uvicorn\server.py", line 77, in run
    return asyncio_run(self.serve(sockets=sockets), loop_factory=self.config.get_loop_factory())
  File "C:\Users\TAKUR\AppData\Local\Python\pythoncore-3.14-64\Lib\asyncio\runners.py", line 204, in run
    return runner.run(main)
           ~~~~~~~~~~^^^^^^
  File "C:\Users\TAKUR\AppData\Local\Python\pythoncore-3.14-64\Lib\asyncio\runners.py", line 127, in run
    return self._loop.run_until_complete(task)
           ~~~~~~~~~~~~~~~~~~~~~~~~~~~~~^^^^^^
  File "C:\Users\TAKUR\AppData\Local\Python\pythoncore-3.14-64\Lib\asyncio\base_events.py", line 719, in run_until_complete
    return future.result()
           ~~~~~~~~~~~~~^^
  File "C:\Projects_UpToDate\HBL_Codemate\backend\venv\Lib\site-packages\uvicorn\server.py", line 81, in serve
    await self._serve(sockets)
  File "C:\Projects_UpToDate\HBL_Codemate\backend\venv\Lib\site-packages\uvicorn\server.py", line 88, in _serve
    config.load()
    ~~~~~~~~~~~^^
  File "C:\Projects_UpToDate\HBL_Codemate\backend\venv\Lib\site-packages\uvicorn\config.py", line 494, in load
    self.loaded_app = self.load_app()
                      ~~~~~~~~~~~~~^^
  File "C:\Projects_UpToDate\HBL_Codemate\backend\venv\Lib\site-packages\uvicorn\config.py", line 428, in load_app
    return import_from_string(self.app)
  File "C:\Projects_UpToDate\HBL_Codemate\backend\venv\Lib\site-packages\uvicorn\importer.py", line 19, in import_from_string
    module = importlib.import_module(module_str)
  File "C:\Users\TAKUR\AppData\Local\Python\pythoncore-3.14-64\Lib\importlib\__init__.py", line 88, in import_module
    return _bootstrap._gcd_import(name[level:], package, level)
           ~~~~~~~~~~~~~~~~~~~~~~^^^^^^^^^^^^^^^^^^^^^^^^^^^^^^
  File "<frozen importlib._bootstrap>", line 1398, in _gcd_import
  File "<frozen importlib._bootstrap>", line 1371, in _find_and_load
  File "<frozen importlib._bootstrap>", line 1342, in _find_and_load_unlocked
  File "<frozen importlib._bootstrap>", line 938, in _load_unlocked
  File "<frozen importlib._bootstrap_external>", line 759, in exec_module
  File "<frozen importlib._bootstrap>", line 491, in _call_with_frames_removed
  File "C:\Projects_UpToDate\HBL_Codemate\backend\app\main.py", line 4, in <module>
    from app.api.routes import auth, dashboard, problems, submissions, waveforms, leaderboard, achievements, learning, ai
  File "C:\Projects_UpToDate\HBL_Codemate\backend\app\api\routes\submissions.py", line 7, in <module>
    from app.services import submission_service
  File "C:\Projects_UpToDate\HBL_Codemate\backend\app\services\submission_service.py", line 10, in <module>
    judge = JudgeService(runner=ExecutionRunner(use_docker=True))
                                ^^^^^^^^^^^^^^^
NameError: name 'ExecutionRunner' is not defined
WARNING:  WatchFiles detected changes in 'app\services\submission_service.py'. Reloading...
 INFO:     Started server process [9476]
INFO:     Waiting for application startup.
INFO:     Application startup complete.
INFO:     127.0.0.1:61692 - "GET /api/health HTTP/1.1" 200 OK
2026-09-12 13:06:52,102 INFO sqlalchemy.engine.Engine select pg_catalog.version()
2026-09-12 13:06:52,102 INFO sqlalchemy.engine.Engine [raw sql] {}
2026-09-12 13:06:52,103 INFO sqlalchemy.engine.Engine select current_schema()
2026-09-12 13:06:52,103 INFO sqlalchemy.engine.Engine [raw sql] {}
2026-09-12 13:06:52,104 INFO sqlalchemy.engine.Engine show standard_conforming_strings
2026-09-12 13:06:52,104 INFO sqlalchemy.engine.Engine [raw sql] {}
2026-09-12 13:06:52,104 INFO sqlalchemy.engine.Engine BEGIN (implicit)
2026-09-12 13:06:52,107 INFO sqlalchemy.engine.Engine SELECT problems.id AS problems_id, problems.slug AS problems_slug, problems.title AS problems_title, problems.description AS problems_description, problems.difficulty AS problems_difficulty, problems.category AS problems_category, problems.language AS problems_language, problems.input_description AS problems_input_description, problems.output_description AS problems_output_description, problems.constraints AS problems_constraints, problems.starter_code AS problems_starter_code, problems.test_cases AS problems_test_cases, problems.time_limit AS problems_time_limit, problems.memory_limit AS problems_memory_limit, problems.created_at AS problems_created_at, problems.updated_at AS problems_updated_at 
FROM problems 
WHERE problems.slug = %(slug_1)s 
 LIMIT %(param_1)s
2026-09-12 13:06:52,107 INFO sqlalchemy.engine.Engine [generated in 0.00027s] {'slug_1': 'and-gate', 'param_1': 1}
2026-09-12 13:06:52,114 INFO sqlalchemy.engine.Engine SELECT test_cases.id AS test_cases_id, test_cases.problem_id AS test_cases_problem_id, test_cases.name AS test_cases_name, test_cases.description AS test_cases_description, test_cases.testbench AS test_cases_testbench, test_cases.visibility AS test_cases_visibility, test_cases.weight AS test_cases_weight, test_cases.execution_order AS test_cases_execution_order, test_cases.enabled AS test_cases_enabled, test_cases.created_at AS test_cases_created_at, test_cases.updated_at AS test_cases_updated_at 
FROM test_cases 
WHERE %(param_1)s = test_cases.problem_id ORDER BY test_cases.execution_order
2026-09-12 13:06:52,114 INFO sqlalchemy.engine.Engine [generated in 0.00025s] {'param_1': 1}
2026-09-12 13:06:53,842 INFO sqlalchemy.engine.Engine INSERT INTO submissions (problem_id, code, language, status, score, tests_passed, tests_total, execution_time, compilation_message) VALUES (%(problem_id)s, %(code)s, %(language)s, %(status)s, %(score)s, %(tests_passed)s, %(tests_total)s, %(execution_time)s, %(compilation_message)s) RETURNING submissions.id, submissions.created_at
2026-09-12 13:06:53,843 INFO sqlalchemy.engine.Engine [generated in 0.00032s] {'problem_id': 1, 'code': 'module and_gate (input logic a, input logic b, output logic y);\n  assign y = a & b;\nendmodule', 'language': 'SYSTEMVERILOG', 'status': 'FAILED', 'score': 0.0, 'tests_passed': 0, 'tests_total': 2, 'execution_time': 1.7211174964904785, 'compilation_message': ''}
2026-09-12 13:06:53,848 INFO sqlalchemy.engine.Engine INSERT INTO submission_test_results (submission_id, test_case_id, test_name, status, score, message, expected, actual) SELECT p0::INTEGER, p1::INTEGER, p2::VARCHAR, p3::VARCHAR, p4::FLOAT, p5::TEXT, p6::TEXT, p7::TEXT FROM (VALUES (%(submission_id__0 ... 317 characters truncated ... nter) ORDER BY sen_counter RETURNING submission_test_results.id, submission_test_results.id AS id__1
2026-09-12 13:06:53,849 INFO sqlalchemy.engine.Engine [generated in 0.00023s (insertmanyvalues) 1/1 (ordered)] {'expected__0': '', 'message__0': 'FAILED', 'score__0': 0.0, 'test_name__0': 'vectors 1-3 (basic)', 'status__0': 'FAILED', 'submission_id__0': 4, 'test_case_id__0': 48, 'actual__0': '', 'expected__1': '', 'message__1': 'FAILED', 'score__1': 0.0, 'test_name__1': 'vectors 1-3 (verify)', 'status__1': 'FAILED', 'submission_id__1': 4, 'test_case_id__1': 49, 'actual__1': ''}
2026-09-12 13:06:53,855 INFO sqlalchemy.engine.Engine COMMIT
2026-09-12 13:06:53,859 INFO sqlalchemy.engine.Engine BEGIN (implicit)
2026-09-12 13:06:53,860 INFO sqlalchemy.engine.Engine SELECT submissions.id, submissions.problem_id, submissions.code, submissions.language, submissions.status, submissions.score, submissions.tests_passed, submissions.tests_total, submissions.execution_time, submissions.compilation_message, submissions.created_at 
FROM submissions 
WHERE submissions.id = %(pk_1)s
2026-09-12 13:06:53,860 INFO sqlalchemy.engine.Engine [generated in 0.00035s] {'pk_1': 4}
2026-09-12 13:06:53,863 INFO sqlalchemy.engine.Engine SELECT problems.id AS problems_id, problems.slug AS problems_slug, problems.title AS problems_title, problems.description AS problems_description, problems.difficulty AS problems_difficulty, problems.category AS problems_category, problems.language AS problems_language, problems.input_description AS problems_input_description, problems.output_description AS problems_output_description, problems.constraints AS problems_constraints, problems.starter_code AS problems_starter_code, problems.test_cases AS problems_test_cases, problems.time_limit AS problems_time_limit, problems.memory_limit AS problems_memory_limit, problems.created_at AS problems_created_at, problems.updated_at AS problems_updated_at 
FROM problems 
WHERE problems.id = %(pk_1)s
2026-09-12 13:06:53,863 INFO sqlalchemy.engine.Engine [generated in 0.00034s] {'pk_1': 1}
INFO:     127.0.0.1:61695 - "POST /api/submissions/run HTTP/1.1" 200 OK
2026-09-12 13:06:53,866 INFO sqlalchemy.engine.Engine ROLLBACK
WARNING:  WatchFiles detected changes in 'app\test_debug.py'. Reloading...
 INFO:     Shutting down
INFO:     Waiting for application shutdown.
INFO:     Application shutdown complete.
INFO:     Finished server process [9476]
WARNING:  WatchFiles detected changes in 'app\sandbox\docker.py', 'app\test_debug2.py'. Reloading...
 INFO:     Started server process [17944]
INFO:     Waiting for application startup.
INFO:     Application startup complete.
INFO:     Shutting down
INFO:     Waiting for application shutdown.
INFO:     Application shutdown complete.
INFO:     Finished server process [17944]
INFO:     Started server process [23112]
INFO:     Waiting for application startup.
INFO:     Application startup complete.
WARNING:  WatchFiles detected changes in 'app\sandbox\docker.py'. Reloading...
 2026-09-12 13:14:38,721 INFO sqlalchemy.engine.Engine select pg_catalog.version()
2026-09-12 13:14:38,721 INFO sqlalchemy.engine.Engine [raw sql] {}
2026-09-12 13:14:38,733 INFO sqlalchemy.engine.Engine select current_schema()
INFO:     Shutting down
2026-09-12 13:14:38,733 INFO sqlalchemy.engine.Engine [raw sql] {}
2026-09-12 13:14:38,734 INFO sqlalchemy.engine.Engine show standard_conforming_strings
2026-09-12 13:14:38,734 INFO sqlalchemy.engine.Engine [raw sql] {}
2026-09-12 13:14:38,734 INFO sqlalchemy.engine.Engine BEGIN (implicit)
2026-09-12 13:14:38,737 INFO sqlalchemy.engine.Engine SELECT problems.id AS problems_id, problems.slug AS problems_slug, problems.title AS problems_title, problems.description AS problems_description, problems.difficulty AS problems_difficulty, problems.category AS problems_category, problems.language AS problems_language, problems.input_description AS problems_input_description, problems.output_description AS problems_output_description, problems.constraints AS problems_constraints, problems.starter_code AS problems_starter_code, problems.test_cases AS problems_test_cases, problems.time_limit AS problems_time_limit, problems.memory_limit AS problems_memory_limit, problems.created_at AS problems_created_at, problems.updated_at AS problems_updated_at 
FROM problems 
WHERE problems.slug = %(slug_1)s 
 LIMIT %(param_1)s
2026-09-12 13:14:38,737 INFO sqlalchemy.engine.Engine [generated in 0.00021s] {'slug_1': 'and-gate', 'param_1': 1}
2026-09-12 13:14:38,744 INFO sqlalchemy.engine.Engine SELECT test_cases.id AS test_cases_id, test_cases.problem_id AS test_cases_problem_id, test_cases.name AS test_cases_name, test_cases.description AS test_cases_description, test_cases.testbench AS test_cases_testbench, test_cases.visibility AS test_cases_visibility, test_cases.weight AS test_cases_weight, test_cases.execution_order AS test_cases_execution_order, test_cases.enabled AS test_cases_enabled, test_cases.created_at AS test_cases_created_at, test_cases.updated_at AS test_cases_updated_at 
FROM test_cases 
WHERE %(param_1)s = test_cases.problem_id ORDER BY test_cases.execution_order
2026-09-12 13:14:38,744 INFO sqlalchemy.engine.Engine [generated in 0.00022s] {'param_1': 1}
INFO:     Waiting for connections to close. (CTRL+C to force quit)
2026-09-12 13:14:47,091 INFO sqlalchemy.engine.Engine INSERT INTO submissions (problem_id, code, language, status, score, tests_passed, tests_total, execution_time, compilation_message) VALUES (%(problem_id)s, %(code)s, %(language)s, %(status)s, %(score)s, %(tests_passed)s, %(tests_total)s, %(execution_time)s, %(compilation_message)s) RETURNING submissions.id, submissions.created_at
2026-09-12 13:14:47,091 INFO sqlalchemy.engine.Engine [generated in 0.00049s] {'problem_id': 1, 'code': 'module and_gate (input logic a, input logic b, output logic y);\n  assign y = a & b;\nendmodule', 'language': 'SYSTEMVERILOG', 'status': 'FAILED', 'score': 0.0, 'tests_passed': 0, 'tests_total': 2, 'execution_time': 8.339139699935913, 'compilation_message': ''}
2026-09-12 13:14:47,097 INFO sqlalchemy.engine.Engine INSERT INTO submission_test_results (submission_id, test_case_id, test_name, status, score, message, expected, actual) SELECT p0::INTEGER, p1::INTEGER, p2::VARCHAR, p3::VARCHAR, p4::FLOAT, p5::TEXT, p6::TEXT, p7::TEXT FROM (VALUES (%(submission_id__0 ... 317 characters truncated ... nter) ORDER BY sen_counter RETURNING submission_test_results.id, submission_test_results.id AS id__1
2026-09-12 13:14:47,097 INFO sqlalchemy.engine.Engine [generated in 0.00014s (insertmanyvalues) 1/1 (ordered)] {'status__0': 'FAILED', 'test_name__0': 'vectors 1-3 (basic)', 'message__0': 'FAILED', 'expected__0': '', 'score__0': 0.0, 'test_case_id__0': 48, 'submission_id__0': 5, 'actual__0': '', 'status__1': 'FAILED', 'test_name__1': 'vectors 1-3 (verify)', 'message__1': 'FAILED', 'expected__1': '', 'score__1': 0.0, 'test_case_id__1': 49, 'submission_id__1': 5, 'actual__1': ''}
2026-09-12 13:14:47,104 INFO sqlalchemy.engine.Engine COMMIT
2026-09-12 13:14:47,108 INFO sqlalchemy.engine.Engine BEGIN (implicit)
2026-09-12 13:14:47,110 INFO sqlalchemy.engine.Engine SELECT submissions.id, submissions.problem_id, submissions.code, submissions.language, submissions.status, submissions.score, submissions.tests_passed, submissions.tests_total, submissions.execution_time, submissions.compilation_message, submissions.created_at 
FROM submissions 
WHERE submissions.id = %(pk_1)s
2026-09-12 13:14:47,111 INFO sqlalchemy.engine.Engine [generated in 0.00047s] {'pk_1': 5}
2026-09-12 13:14:47,114 INFO sqlalchemy.engine.Engine SELECT problems.id AS problems_id, problems.slug AS problems_slug, problems.title AS problems_title, problems.description AS problems_description, problems.difficulty AS problems_difficulty, problems.category AS problems_category, problems.language AS problems_language, problems.input_description AS problems_input_description, problems.output_description AS problems_output_description, problems.constraints AS problems_constraints, problems.starter_code AS problems_starter_code, problems.test_cases AS problems_test_cases, problems.time_limit AS problems_time_limit, problems.memory_limit AS problems_memory_limit, problems.created_at AS problems_created_at, problems.updated_at AS problems_updated_at 
FROM problems 
WHERE problems.id = %(pk_1)s
2026-09-12 13:14:47,114 INFO sqlalchemy.engine.Engine [generated in 0.00029s] {'pk_1': 1}
INFO:     127.0.0.1:64160 - "POST /api/submissions/run HTTP/1.1" 200 OK
2026-09-12 13:14:47,117 INFO sqlalchemy.engine.Engine ROLLBACK
INFO:     Waiting for application shutdown.
INFO:     Application shutdown complete.
INFO:     Finished server process [23112]
WARNING:  WatchFiles detected changes in 'app\sandbox\docker.py', 'app\test_debug2.py'. Reloading...
 INFO:     Started server process [22048]
INFO:     Waiting for application startup.
INFO:     Application startup complete.
INFO:     Shutting down
INFO:     Waiting for application shutdown.
INFO:     Application shutdown complete.
INFO:     Finished server process [22048]
INFO:     Started server process [29032]
INFO:     Waiting for application startup.
INFO:     Application startup complete.
2026-09-12 13:15:58,247 INFO sqlalchemy.engine.Engine select pg_catalog.version()
2026-09-12 13:15:58,247 INFO sqlalchemy.engine.Engine [raw sql] {}
2026-09-12 13:15:58,259 INFO sqlalchemy.engine.Engine select current_schema()
2026-09-12 13:15:58,259 INFO sqlalchemy.engine.Engine [raw sql] {}
2026-09-12 13:15:58,260 INFO sqlalchemy.engine.Engine show standard_conforming_strings
2026-09-12 13:15:58,260 INFO sqlalchemy.engine.Engine [raw sql] {}
2026-09-12 13:15:58,261 INFO sqlalchemy.engine.Engine BEGIN (implicit)
2026-09-12 13:15:58,263 INFO sqlalchemy.engine.Engine SELECT problems.id AS problems_id, problems.slug AS problems_slug, problems.title AS problems_title, problems.description AS problems_description, problems.difficulty AS problems_difficulty, problems.category AS problems_category, problems.language AS problems_language, problems.input_description AS problems_input_description, problems.output_description AS problems_output_description, problems.constraints AS problems_constraints, problems.starter_code AS problems_starter_code, problems.test_cases AS problems_test_cases, problems.time_limit AS problems_time_limit, problems.memory_limit AS problems_memory_limit, problems.created_at AS problems_created_at, problems.updated_at AS problems_updated_at 
FROM problems 
WHERE problems.slug = %(slug_1)s 
 LIMIT %(param_1)s
2026-09-12 13:15:58,263 INFO sqlalchemy.engine.Engine [generated in 0.00018s] {'slug_1': 'and-gate', 'param_1': 1}
2026-09-12 13:15:58,271 INFO sqlalchemy.engine.Engine SELECT test_cases.id AS test_cases_id, test_cases.problem_id AS test_cases_problem_id, test_cases.name AS test_cases_name, test_cases.description AS test_cases_description, test_cases.testbench AS test_cases_testbench, test_cases.visibility AS test_cases_visibility, test_cases.weight AS test_cases_weight, test_cases.execution_order AS test_cases_execution_order, test_cases.enabled AS test_cases_enabled, test_cases.created_at AS test_cases_created_at, test_cases.updated_at AS test_cases_updated_at 
FROM test_cases 
WHERE %(param_1)s = test_cases.problem_id ORDER BY test_cases.execution_order
2026-09-12 13:15:58,271 INFO sqlalchemy.engine.Engine [generated in 0.00020s] {'param_1': 1}
2026-09-12 13:16:07,297 INFO sqlalchemy.engine.Engine INSERT INTO submissions (problem_id, code, language, status, score, tests_passed, tests_total, execution_time, compilation_message) VALUES (%(problem_id)s, %(code)s, %(language)s, %(status)s, %(score)s, %(tests_passed)s, %(tests_total)s, %(execution_time)s, %(compilation_message)s) RETURNING submissions.id, submissions.created_at
2026-09-12 13:16:07,297 INFO sqlalchemy.engine.Engine [generated in 0.00055s] {'problem_id': 1, 'code': 'module and_gate (input logic a, input logic b, output logic y);\n  assign y = a & b;\nendmodule', 'language': 'SYSTEMVERILOG', 'status': 'PASSED', 'score': 100.0, 'tests_passed': 2, 'tests_total': 2, 'execution_time': 9.016621589660645, 'compilation_message': ''}
2026-09-12 13:16:07,305 INFO sqlalchemy.engine.Engine INSERT INTO submission_test_results (submission_id, test_case_id, test_name, status, score, message, expected, actual) SELECT p0::INTEGER, p1::INTEGER, p2::VARCHAR, p3::VARCHAR, p4::FLOAT, p5::TEXT, p6::TEXT, p7::TEXT FROM (VALUES (%(submission_id__0 ... 317 characters truncated ... nter) ORDER BY sen_counter RETURNING submission_test_results.id, submission_test_results.id AS id__1
2026-09-12 13:16:07,305 INFO sqlalchemy.engine.Engine [generated in 0.00011s (insertmanyvalues) 1/1 (ordered)] {'status__0': 'PASSED', 'submission_id__0': 6, 'score__0': 0.1, 'expected__0': '', 'message__0': 'PASSED', 'actual__0': '', 'test_case_id__0': 48, 'test_name__0': 'vectors 1-3 (basic)', 'status__1': 'PASSED', 'submission_id__1': 6, 'score__1': 0.1, 'expected__1': '', 'message__1': 'PASSED', 'actual__1': '', 'test_case_id__1': 49, 'test_name__1': 'vectors 1-3 (verify)'}
2026-09-12 13:16:07,312 INFO sqlalchemy.engine.Engine COMMIT
2026-09-12 13:16:07,317 INFO sqlalchemy.engine.Engine BEGIN (implicit)
2026-09-12 13:16:07,319 INFO sqlalchemy.engine.Engine SELECT submissions.id, submissions.problem_id, submissions.code, submissions.language, submissions.status, submissions.score, submissions.tests_passed, submissions.tests_total, submissions.execution_time, submissions.compilation_message, submissions.created_at 
FROM submissions 
WHERE submissions.id = %(pk_1)s
2026-09-12 13:16:07,319 INFO sqlalchemy.engine.Engine [generated in 0.00026s] {'pk_1': 6}
2026-09-12 13:16:07,322 INFO sqlalchemy.engine.Engine SELECT problems.id AS problems_id, problems.slug AS problems_slug, problems.title AS problems_title, problems.description AS problems_description, problems.difficulty AS problems_difficulty, problems.category AS problems_category, problems.language AS problems_language, problems.input_description AS problems_input_description, problems.output_description AS problems_output_description, problems.constraints AS problems_constraints, problems.starter_code AS problems_starter_code, problems.test_cases AS problems_test_cases, problems.time_limit AS problems_time_limit, problems.memory_limit AS problems_memory_limit, problems.created_at AS problems_created_at, problems.updated_at AS problems_updated_at 
FROM problems 
WHERE problems.id = %(pk_1)s
2026-09-12 13:16:07,322 INFO sqlalchemy.engine.Engine [generated in 0.00030s] {'pk_1': 1}
INFO:     127.0.0.1:60781 - "POST /api/submissions/run HTTP/1.1" 200 OK
2026-09-12 13:16:07,325 INFO sqlalchemy.engine.Engine ROLLBACK
2026-09-12 13:16:19,270 INFO sqlalchemy.engine.Engine BEGIN (implicit)
2026-09-12 13:16:19,270 INFO sqlalchemy.engine.Engine SELECT problems.id AS problems_id, problems.slug AS problems_slug, problems.title AS problems_title, problems.description AS problems_description, problems.difficulty AS problems_difficulty, problems.category AS problems_category, problems.language AS problems_language, problems.input_description AS problems_input_description, problems.output_description AS problems_output_description, problems.constraints AS problems_constraints, problems.starter_code AS problems_starter_code, problems.test_cases AS problems_test_cases, problems.time_limit AS problems_time_limit, problems.memory_limit AS problems_memory_limit, problems.created_at AS problems_created_at, problems.updated_at AS problems_updated_at 
FROM problems 
WHERE problems.slug = %(slug_1)s 
 LIMIT %(param_1)s
2026-09-12 13:16:19,270 INFO sqlalchemy.engine.Engine [cached since 21.01s ago] {'slug_1': 'and-gate', 'param_1': 1}
2026-09-12 13:16:19,272 INFO sqlalchemy.engine.Engine SELECT test_cases.id AS test_cases_id, test_cases.problem_id AS test_cases_problem_id, test_cases.name AS test_cases_name, test_cases.description AS test_cases_description, test_cases.testbench AS test_cases_testbench, test_cases.visibility AS test_cases_visibility, test_cases.weight AS test_cases_weight, test_cases.execution_order AS test_cases_execution_order, test_cases.enabled AS test_cases_enabled, test_cases.created_at AS test_cases_created_at, test_cases.updated_at AS test_cases_updated_at 
FROM test_cases 
WHERE %(param_1)s = test_cases.problem_id ORDER BY test_cases.execution_order
2026-09-12 13:16:19,272 INFO sqlalchemy.engine.Engine [cached since 21s ago] {'param_1': 1}
2026-09-12 13:16:27,652 INFO sqlalchemy.engine.Engine INSERT INTO submissions (problem_id, code, language, status, score, tests_passed, tests_total, execution_time, compilation_message) VALUES (%(problem_id)s, %(code)s, %(language)s, %(status)s, %(score)s, %(tests_passed)s, %(tests_total)s, %(execution_time)s, %(compilation_message)s) RETURNING submissions.id, submissions.created_at
2026-09-12 13:16:27,652 INFO sqlalchemy.engine.Engine [cached since 20.35s ago] {'problem_id': 1, 'code': 'module and_gate (input logic a, input logic b, output logic y);\n  assign y = a | b;\nendmodule', 'language': 'SYSTEMVERILOG', 'status': 'PASSED', 'score': 100.0, 'tests_passed': 2, 'tests_total': 2, 'execution_time': 8.377899646759033, 'compilation_message': ''}
2026-09-12 13:16:27,653 INFO sqlalchemy.engine.Engine INSERT INTO submission_test_results (submission_id, test_case_id, test_name, status, score, message, expected, actual) SELECT p0::INTEGER, p1::INTEGER, p2::VARCHAR, p3::VARCHAR, p4::FLOAT, p5::TEXT, p6::TEXT, p7::TEXT FROM (VALUES (%(submission_id__0 ... 317 characters truncated ... nter) ORDER BY sen_counter RETURNING submission_test_results.id, submission_test_results.id AS id__1
2026-09-12 13:16:27,654 INFO sqlalchemy.engine.Engine [cached since 20.35s ago (insertmanyvalues) 1/1 (ordered)] {'status__0': 'PASSED', 'submission_id__0': 7, 'score__0': 0.1, 'expected__0': '', 'message__0': 'PASSED', 'actual__0': '', 'test_case_id__0': 48, 'test_name__0': 'vectors 1-3 (basic)', 'status__1': 'PASSED', 'submission_id__1': 7, 'score__1': 0.1, 'expected__1': '', 'message__1': 'PASSED', 'actual__1': '', 'test_case_id__1': 49, 'test_name__1': 'vectors 1-3 (verify)'}
2026-09-12 13:16:27,655 INFO sqlalchemy.engine.Engine COMMIT
2026-09-12 13:16:27,657 INFO sqlalchemy.engine.Engine BEGIN (implicit)
2026-09-12 13:16:27,657 INFO sqlalchemy.engine.Engine SELECT submissions.id, submissions.problem_id, submissions.code, submissions.language, submissions.status, submissions.score, submissions.tests_passed, submissions.tests_total, submissions.execution_time, submissions.compilation_message, submissions.created_at 
FROM submissions 
WHERE submissions.id = %(pk_1)s
2026-09-12 13:16:27,657 INFO sqlalchemy.engine.Engine [cached since 20.34s ago] {'pk_1': 7}
2026-09-12 13:16:27,659 INFO sqlalchemy.engine.Engine SELECT problems.id AS problems_id, problems.slug AS problems_slug, problems.title AS problems_title, problems.description AS problems_description, problems.difficulty AS problems_difficulty, problems.category AS problems_category, problems.language AS problems_language, problems.input_description AS problems_input_description, problems.output_description AS problems_output_description, problems.constraints AS problems_constraints, problems.starter_code AS problems_starter_code, problems.test_cases AS problems_test_cases, problems.time_limit AS problems_time_limit, problems.memory_limit AS problems_memory_limit, problems.created_at AS problems_created_at, problems.updated_at AS problems_updated_at 
FROM problems 
WHERE problems.id = %(pk_1)s
2026-09-12 13:16:27,659 INFO sqlalchemy.engine.Engine [cached since 20.34s ago] {'pk_1': 1}
INFO:     127.0.0.1:59539 - "POST /api/submissions/run HTTP/1.1" 200 OK
2026-09-12 13:16:27,662 INFO sqlalchemy.engine.Engine ROLLBACK
INFO:     127.0.0.1:59911 - "OPTIONS /api/problems/and-gate HTTP/1.1" 200 OK
INFO:     127.0.0.1:57961 - "OPTIONS /api/problems/and-gate HTTP/1.1" 200 OK
2026-09-12 13:18:46,408 INFO sqlalchemy.engine.Engine BEGIN (implicit)
2026-09-12 13:18:46,410 INFO sqlalchemy.engine.Engine SELECT users.id AS users_id, users.email AS users_email, users.username AS users_username, users.password_hash AS users_password_hash, users.display_name AS users_display_name, users.avatar_url AS users_avatar_url, users.xp AS users_xp, users.level AS users_level, users.solved_count AS users_solved_count, users.total_submissions AS users_total_submissions, users.created_at AS users_created_at, users.updated_at AS users_updated_at, users.last_login_at AS users_last_login_at 
FROM users 
WHERE users.id = %(id_1)s 
 LIMIT %(param_1)s
2026-09-12 13:18:46,411 INFO sqlalchemy.engine.Engine [generated in 0.00037s] {'id_1': 1, 'param_1': 1}
INFO:     127.0.0.1:49671 - "GET /api/auth/me HTTP/1.1" 200 OK
2026-09-12 13:18:46,418 INFO sqlalchemy.engine.Engine ROLLBACK
2026-09-12 13:18:46,421 INFO sqlalchemy.engine.Engine BEGIN (implicit)
2026-09-12 13:18:46,421 INFO sqlalchemy.engine.Engine SELECT users.id AS users_id, users.email AS users_email, users.username AS users_username, users.password_hash AS users_password_hash, users.display_name AS users_display_name, users.avatar_url AS users_avatar_url, users.xp AS users_xp, users.level AS users_level, users.solved_count AS users_solved_count, users.total_submissions AS users_total_submissions, users.created_at AS users_created_at, users.updated_at AS users_updated_at, users.last_login_at AS users_last_login_at 
FROM users 
WHERE users.id = %(id_1)s 
 LIMIT %(param_1)s
2026-09-12 13:18:46,421 INFO sqlalchemy.engine.Engine [cached since 0.01134s ago] {'id_1': 1, 'param_1': 1}
INFO:     127.0.0.1:62310 - "GET /api/auth/me HTTP/1.1" 200 OK
2026-09-12 13:18:46,425 INFO sqlalchemy.engine.Engine ROLLBACK
2026-09-12 13:18:46,451 INFO sqlalchemy.engine.Engine BEGIN (implicit)
2026-09-12 13:18:46,451 INFO sqlalchemy.engine.Engine SELECT problems.id AS problems_id, problems.slug AS problems_slug, problems.title AS problems_title, problems.description AS problems_description, problems.difficulty AS problems_difficulty, problems.category AS problems_category, problems.language AS problems_language, problems.input_description AS problems_input_description, problems.output_description AS problems_output_description, problems.constraints AS problems_constraints, problems.starter_code AS problems_starter_code, problems.test_cases AS problems_test_cases, problems.time_limit AS problems_time_limit, problems.memory_limit AS problems_memory_limit, problems.created_at AS problems_created_at, problems.updated_at AS problems_updated_at 
FROM problems 
WHERE problems.slug = %(slug_1)s 
 LIMIT %(param_1)s
2026-09-12 13:18:46,452 INFO sqlalchemy.engine.Engine [cached since 168.2s ago] {'slug_1': 'and-gate', 'param_1': 1}
INFO:     127.0.0.1:57961 - "GET /api/problems/and-gate HTTP/1.1" 200 OK
2026-09-12 13:18:46,457 INFO sqlalchemy.engine.Engine ROLLBACK
2026-09-12 13:18:46,459 INFO sqlalchemy.engine.Engine BEGIN (implicit)
2026-09-12 13:18:46,459 INFO sqlalchemy.engine.Engine SELECT problems.id AS problems_id, problems.slug AS problems_slug, problems.title AS problems_title, problems.description AS problems_description, problems.difficulty AS problems_difficulty, problems.category AS problems_category, problems.language AS problems_language, problems.input_description AS problems_input_description, problems.output_description AS problems_output_description, problems.constraints AS problems_constraints, problems.starter_code AS problems_starter_code, problems.test_cases AS problems_test_cases, problems.time_limit AS problems_time_limit, problems.memory_limit AS problems_memory_limit, problems.created_at AS problems_created_at, problems.updated_at AS problems_updated_at 
FROM problems 
WHERE problems.slug = %(slug_1)s 
 LIMIT %(param_1)s
2026-09-12 13:18:46,459 INFO sqlalchemy.engine.Engine [cached since 168.2s ago] {'slug_1': 'and-gate', 'param_1': 1}
INFO:     127.0.0.1:59911 - "GET /api/problems/and-gate HTTP/1.1" 200 OK
2026-09-12 13:18:46,461 INFO sqlalchemy.engine.Engine ROLLBACK
2026-09-12 13:18:51,104 INFO sqlalchemy.engine.Engine BEGIN (implicit)
2026-09-12 13:18:51,104 INFO sqlalchemy.engine.Engine SELECT problems.id AS problems_id, problems.slug AS problems_slug, problems.title AS problems_title, problems.description AS problems_description, problems.difficulty AS problems_difficulty, problems.category AS problems_category, problems.language AS problems_language, problems.input_description AS problems_input_description, problems.output_description AS problems_output_description, problems.constraints AS problems_constraints, problems.starter_code AS problems_starter_code, problems.test_cases AS problems_test_cases, problems.time_limit AS problems_time_limit, problems.memory_limit AS problems_memory_limit, problems.created_at AS problems_created_at, problems.updated_at AS problems_updated_at 
FROM problems 
WHERE problems.slug = %(slug_1)s 
 LIMIT %(param_1)s
2026-09-12 13:18:51,104 INFO sqlalchemy.engine.Engine [cached since 172.8s ago] {'slug_1': 'and-gate', 'param_1': 1}
2026-09-12 13:18:51,105 INFO sqlalchemy.engine.Engine SELECT test_cases.id AS test_cases_id, test_cases.problem_id AS test_cases_problem_id, test_cases.name AS test_cases_name, test_cases.description AS test_cases_description, test_cases.testbench AS test_cases_testbench, test_cases.visibility AS test_cases_visibility, test_cases.weight AS test_cases_weight, test_cases.execution_order AS test_cases_execution_order, test_cases.enabled AS test_cases_enabled, test_cases.created_at AS test_cases_created_at, test_cases.updated_at AS test_cases_updated_at 
FROM test_cases 
WHERE %(param_1)s = test_cases.problem_id ORDER BY test_cases.execution_order
2026-09-12 13:18:51,105 INFO sqlalchemy.engine.Engine [cached since 172.8s ago] {'param_1': 1}
INFO:     127.0.0.1:59911 - "OPTIONS /api/submissions/run HTTP/1.1" 200 OK
2026-09-12 13:18:51,278 INFO sqlalchemy.engine.Engine BEGIN (implicit)
2026-09-12 13:18:51,279 INFO sqlalchemy.engine.Engine SELECT problems.id AS problems_id, problems.slug AS problems_slug, problems.title AS problems_title, problems.description AS problems_description, problems.difficulty AS problems_difficulty, problems.category AS problems_category, problems.language AS problems_language, problems.input_description AS problems_input_description, problems.output_description AS problems_output_description, problems.constraints AS problems_constraints, problems.starter_code AS problems_starter_code, problems.test_cases AS problems_test_cases, problems.time_limit AS problems_time_limit, problems.memory_limit AS problems_memory_limit, problems.created_at AS problems_created_at, problems.updated_at AS problems_updated_at 
FROM problems 
WHERE problems.slug = %(slug_1)s 
 LIMIT %(param_1)s
2026-09-12 13:18:51,279 INFO sqlalchemy.engine.Engine [cached since 173s ago] {'slug_1': 'and-gate', 'param_1': 1}
2026-09-12 13:18:51,280 INFO sqlalchemy.engine.Engine SELECT test_cases.id AS test_cases_id, test_cases.problem_id AS test_cases_problem_id, test_cases.name AS test_cases_name, test_cases.description AS test_cases_description, test_cases.testbench AS test_cases_testbench, test_cases.visibility AS test_cases_visibility, test_cases.weight AS test_cases_weight, test_cases.execution_order AS test_cases_execution_order, test_cases.enabled AS test_cases_enabled, test_cases.created_at AS test_cases_created_at, test_cases.updated_at AS test_cases_updated_at 
FROM test_cases 
WHERE %(param_1)s = test_cases.problem_id ORDER BY test_cases.execution_order
2026-09-12 13:18:51,280 INFO sqlalchemy.engine.Engine [cached since 173s ago] {'param_1': 1}
2026-09-12 13:19:00,461 INFO sqlalchemy.engine.Engine INSERT INTO submissions (problem_id, code, language, status, score, tests_passed, tests_total, execution_time, compilation_message) VALUES (%(problem_id)s, %(code)s, %(language)s, %(status)s, %(score)s, %(tests_passed)s, %(tests_total)s, %(execution_time)s, %(compilation_message)s) RETURNING submissions.id, submissions.created_at
2026-09-12 13:19:00,461 INFO sqlalchemy.engine.Engine [cached since 173.2s ago] {'problem_id': 1, 'code': 'module and_gate (input logic a, input logic b, output logic y);\n  assign y = a | b;\nendmodule', 'language': 'SYSTEMVERILOG', 'status': 'PASSED', 'score': 100.0, 'tests_passed': 2, 'tests_total': 2, 'execution_time': 9.351231813430786, 'compilation_message': ''}
2026-09-12 13:19:00,466 INFO sqlalchemy.engine.Engine INSERT INTO submission_test_results (submission_id, test_case_id, test_name, status, score, message, expected, actual) SELECT p0::INTEGER, p1::INTEGER, p2::VARCHAR, p3::VARCHAR, p4::FLOAT, p5::TEXT, p6::TEXT, p7::TEXT FROM (VALUES (%(submission_id__0 ... 317 characters truncated ... nter) ORDER BY sen_counter RETURNING submission_test_results.id, submission_test_results.id AS id__1
2026-09-12 13:19:00,466 INFO sqlalchemy.engine.Engine [cached since 173.2s ago (insertmanyvalues) 1/1 (ordered)] {'status__0': 'PASSED', 'submission_id__0': 8, 'score__0': 0.1, 'expected__0': '', 'message__0': 'PASSED', 'actual__0': '', 'test_case_id__0': 48, 'test_name__0': 'vectors 1-3 (basic)', 'status__1': 'PASSED', 'submission_id__1': 8, 'score__1': 0.1, 'expected__1': '', 'message__1': 'PASSED', 'actual__1': '', 'test_case_id__1': 49, 'test_name__1': 'vectors 1-3 (verify)'}
2026-09-12 13:19:00,478 INFO sqlalchemy.engine.Engine COMMIT
2026-09-12 13:19:00,483 INFO sqlalchemy.engine.Engine BEGIN (implicit)
2026-09-12 13:19:00,483 INFO sqlalchemy.engine.Engine SELECT submissions.id, submissions.problem_id, submissions.code, submissions.language, submissions.status, submissions.score, submissions.tests_passed, submissions.tests_total, submissions.execution_time, submissions.compilation_message, submissions.created_at 
FROM submissions 
WHERE submissions.id = %(pk_1)s
2026-09-12 13:19:00,484 INFO sqlalchemy.engine.Engine [cached since 173.2s ago] {'pk_1': 8}
2026-09-12 13:19:00,485 INFO sqlalchemy.engine.Engine SELECT problems.id AS problems_id, problems.slug AS problems_slug, problems.title AS problems_title, problems.description AS problems_description, problems.difficulty AS problems_difficulty, problems.category AS problems_category, problems.language AS problems_language, problems.input_description AS problems_input_description, problems.output_description AS problems_output_description, problems.constraints AS problems_constraints, problems.starter_code AS problems_starter_code, problems.test_cases AS problems_test_cases, problems.time_limit AS problems_time_limit, problems.memory_limit AS problems_memory_limit, problems.created_at AS problems_created_at, problems.updated_at AS problems_updated_at 
FROM problems 
WHERE problems.id = %(pk_1)s
2026-09-12 13:19:00,486 INFO sqlalchemy.engine.Engine [cached since 173.2s ago] {'pk_1': 1}
INFO:     127.0.0.1:57640 - "POST /api/submissions/run HTTP/1.1" 200 OK
2026-09-12 13:19:00,491 INFO sqlalchemy.engine.Engine ROLLBACK
2026-09-12 13:19:00,918 INFO sqlalchemy.engine.Engine INSERT INTO submissions (problem_id, code, language, status, score, tests_passed, tests_total, execution_time, compilation_message) VALUES (%(problem_id)s, %(code)s, %(language)s, %(status)s, %(score)s, %(tests_passed)s, %(tests_total)s, %(execution_time)s, %(compilation_message)s) RETURNING submissions.id, submissions.created_at
2026-09-12 13:19:00,918 INFO sqlalchemy.engine.Engine [cached since 173.6s ago] {'problem_id': 1, 'code': 'module and_gate (\n    input logic a,\n    input logic b,\n    output logic y\n);\n\n    assign y = a & b;\n\nendmodule', 'language': 'SYSTEMVERILOG', 'status': 'PASSED', 'score': 100.0, 'tests_passed': 2, 'tests_total': 2, 'execution_time': 9.635680675506592, 'compilation_message': ''}
2026-09-12 13:19:00,922 INFO sqlalchemy.engine.Engine INSERT INTO submission_test_results (submission_id, test_case_id, test_name, status, score, message, expected, actual) SELECT p0::INTEGER, p1::INTEGER, p2::VARCHAR, p3::VARCHAR, p4::FLOAT, p5::TEXT, p6::TEXT, p7::TEXT FROM (VALUES (%(submission_id__0 ... 317 characters truncated ... nter) ORDER BY sen_counter RETURNING submission_test_results.id, submission_test_results.id AS id__1
2026-09-12 13:19:00,922 INFO sqlalchemy.engine.Engine [cached since 173.6s ago (insertmanyvalues) 1/1 (ordered)] {'status__0': 'PASSED', 'submission_id__0': 9, 'score__0': 0.1, 'expected__0': '', 'message__0': 'PASSED', 'actual__0': '', 'test_case_id__0': 48, 'test_name__0': 'vectors 1-3 (basic)', 'status__1': 'PASSED', 'submission_id__1': 9, 'score__1': 0.1, 'expected__1': '', 'message__1': 'PASSED', 'actual__1': '', 'test_case_id__1': 49, 'test_name__1': 'vectors 1-3 (verify)'}
2026-09-12 13:19:00,925 INFO sqlalchemy.engine.Engine COMMIT
2026-09-12 13:19:00,927 INFO sqlalchemy.engine.Engine BEGIN (implicit)
2026-09-12 13:19:00,928 INFO sqlalchemy.engine.Engine SELECT submissions.id, submissions.problem_id, submissions.code, submissions.language, submissions.status, submissions.score, submissions.tests_passed, submissions.tests_total, submissions.execution_time, submissions.compilation_message, submissions.created_at 
FROM submissions 
WHERE submissions.id = %(pk_1)s
2026-09-12 13:19:00,928 INFO sqlalchemy.engine.Engine [cached since 173.6s ago] {'pk_1': 9}
2026-09-12 13:19:00,930 INFO sqlalchemy.engine.Engine SELECT problems.id AS problems_id, problems.slug AS problems_slug, problems.title AS problems_title, problems.description AS problems_description, problems.difficulty AS problems_difficulty, problems.category AS problems_category, problems.language AS problems_language, problems.input_description AS problems_input_description, problems.output_description AS problems_output_description, problems.constraints AS problems_constraints, problems.starter_code AS problems_starter_code, problems.test_cases AS problems_test_cases, problems.time_limit AS problems_time_limit, problems.memory_limit AS problems_memory_limit, problems.created_at AS problems_created_at, problems.updated_at AS problems_updated_at 
FROM problems 
WHERE problems.id = %(pk_1)s
2026-09-12 13:19:00,930 INFO sqlalchemy.engine.Engine [cached since 173.6s ago] {'pk_1': 1}
2026-09-12 13:19:00,932 INFO sqlalchemy.engine.Engine ROLLBACK
2026-09-12 13:19:00,967 INFO sqlalchemy.engine.Engine BEGIN (implicit)
2026-09-12 13:19:00,968 INFO sqlalchemy.engine.Engine SELECT problems.id AS problems_id, problems.slug AS problems_slug, problems.title AS problems_title, problems.description AS problems_description, problems.difficulty AS problems_difficulty, problems.category AS problems_category, problems.language AS problems_language, problems.input_description AS problems_input_description, problems.output_description AS problems_output_description, problems.constraints AS problems_constraints, problems.starter_code AS problems_starter_code, problems.test_cases AS problems_test_cases, problems.time_limit AS problems_time_limit, problems.memory_limit AS problems_memory_limit, problems.created_at AS problems_created_at, problems.updated_at AS problems_updated_at 
FROM problems 
WHERE problems.slug = %(slug_1)s 
 LIMIT %(param_1)s
2026-09-12 13:19:00,968 INFO sqlalchemy.engine.Engine [cached since 182.7s ago] {'slug_1': 'and-gate', 'param_1': 1}
INFO:     127.0.0.1:50918 - "GET /api/problems/and-gate HTTP/1.1" 200 OK
2026-09-12 13:19:00,972 INFO sqlalchemy.engine.Engine BEGIN (implicit)
2026-09-12 13:19:00,973 INFO sqlalchemy.engine.Engine SELECT users.id AS users_id, users.email AS users_email, users.username AS users_username, users.password_hash AS users_password_hash, users.display_name AS users_display_name, users.avatar_url AS users_avatar_url, users.xp AS users_xp, users.level AS users_level, users.solved_count AS users_solved_count, users.total_submissions AS users_total_submissions, users.created_at AS users_created_at, users.updated_at AS users_updated_at, users.last_login_at AS users_last_login_at 
FROM users 
WHERE users.id = %(id_1)s 
 LIMIT %(param_1)s
2026-09-12 13:19:00,974 INFO sqlalchemy.engine.Engine [cached since 14.56s ago] {'id_1': 1, 'param_1': 1}
2026-09-12 13:19:00,974 INFO sqlalchemy.engine.Engine ROLLBACK
2026-09-12 13:19:00,978 INFO sqlalchemy.engine.Engine BEGIN (implicit)
2026-09-12 13:19:00,978 INFO sqlalchemy.engine.Engine SELECT problems.id AS problems_id, problems.slug AS problems_slug, problems.title AS problems_title, problems.description AS problems_description, problems.difficulty AS problems_difficulty, problems.category AS problems_category, problems.language AS problems_language, problems.input_description AS problems_input_description, problems.output_description AS problems_output_description, problems.constraints AS problems_constraints, problems.starter_code AS problems_starter_code, problems.test_cases AS problems_test_cases, problems.time_limit AS problems_time_limit, problems.memory_limit AS problems_memory_limit, problems.created_at AS problems_created_at, problems.updated_at AS problems_updated_at 
FROM problems 
WHERE problems.slug = %(slug_1)s 
 LIMIT %(param_1)s
2026-09-12 13:19:00,978 INFO sqlalchemy.engine.Engine [cached since 182.7s ago] {'slug_1': 'and-gate', 'param_1': 1}
INFO:     127.0.0.1:49724 - "GET /api/problems/and-gate HTTP/1.1" 200 OK
2026-09-12 13:19:00,981 INFO sqlalchemy.engine.Engine ROLLBACK
INFO:     127.0.0.1:63094 - "GET /api/auth/me HTTP/1.1" 200 OK
2026-09-12 13:19:00,982 INFO sqlalchemy.engine.Engine ROLLBACK
2026-09-12 13:19:00,986 INFO sqlalchemy.engine.Engine BEGIN (implicit)
2026-09-12 13:19:00,986 INFO sqlalchemy.engine.Engine SELECT users.id AS users_id, users.email AS users_email, users.username AS users_username, users.password_hash AS users_password_hash, users.display_name AS users_display_name, users.avatar_url AS users_avatar_url, users.xp AS users_xp, users.level AS users_level, users.solved_count AS users_solved_count, users.total_submissions AS users_total_submissions, users.created_at AS users_created_at, users.updated_at AS users_updated_at, users.last_login_at AS users_last_login_at 
FROM users 
WHERE users.id = %(id_1)s 
 LIMIT %(param_1)s
2026-09-12 13:19:00,986 INFO sqlalchemy.engine.Engine [cached since 14.58s ago] {'id_1': 1, 'param_1': 1}
INFO:     127.0.0.1:55168 - "GET /api/auth/me HTTP/1.1" 200 OK
2026-09-12 13:19:00,989 INFO sqlalchemy.engine.Engine ROLLBACK
WARNING:  WatchFiles detected changes in 'app\debug_or_gate.py'. Reloading...
 INFO:     Shutting down
INFO:     Waiting for application shutdown.
INFO:     Application shutdown complete.
INFO:     Finished server process [29032]
INFO:     Started server process [20928]
INFO:     Waiting for application startup.
INFO:     Application startup complete.
WARNING:  WatchFiles detected changes in 'app\sandbox\docker.py'. Reloading...
 INFO:     Shutting down
INFO:     Waiting for application shutdown.
INFO:     Application shutdown complete.
INFO:     Finished server process [20928]
WARNING:  WatchFiles detected changes in 'app\debug_or_gate.py', 'app\sandbox\docker.py', 'app\test_time.py'. Reloading...
 INFO:     Started server process [30164]
INFO:     Waiting for application startup.
INFO:     Application startup complete.
INFO:     Shutting down
INFO:     Waiting for application shutdown.
INFO:     Application shutdown complete.
INFO:     Finished server process [30164]
INFO:     Started server process [28088]
INFO:     Waiting for application startup.
INFO:     Application startup complete.
INFO:     127.0.0.1:62029 - "OPTIONS /api/submissions/run HTTP/1.1" 200 OK
2026-09-12 13:38:44,846 INFO sqlalchemy.engine.Engine select pg_catalog.version()
2026-09-12 13:38:44,846 INFO sqlalchemy.engine.Engine [raw sql] {}
2026-09-12 13:38:44,859 INFO sqlalchemy.engine.Engine select current_schema()
2026-09-12 13:38:44,860 INFO sqlalchemy.engine.Engine [raw sql] {}
2026-09-12 13:38:44,861 INFO sqlalchemy.engine.Engine show standard_conforming_strings
2026-09-12 13:38:44,861 INFO sqlalchemy.engine.Engine [raw sql] {}
2026-09-12 13:38:44,862 INFO sqlalchemy.engine.Engine BEGIN (implicit)
2026-09-12 13:38:44,865 INFO sqlalchemy.engine.Engine SELECT problems.id AS problems_id, problems.slug AS problems_slug, problems.title AS problems_title, problems.description AS problems_description, problems.difficulty AS problems_difficulty, problems.category AS problems_category, problems.language AS problems_language, problems.input_description AS problems_input_description, problems.output_description AS problems_output_description, problems.constraints AS problems_constraints, problems.starter_code AS problems_starter_code, problems.test_cases AS problems_test_cases, problems.time_limit AS problems_time_limit, problems.memory_limit AS problems_memory_limit, problems.created_at AS problems_created_at, problems.updated_at AS problems_updated_at 
FROM problems 
WHERE problems.slug = %(slug_1)s 
 LIMIT %(param_1)s
2026-09-12 13:38:44,865 INFO sqlalchemy.engine.Engine [generated in 0.00017s] {'slug_1': 'and-gate', 'param_1': 1}
2026-09-12 13:38:44,875 INFO sqlalchemy.engine.Engine SELECT test_cases.id AS test_cases_id, test_cases.problem_id AS test_cases_problem_id, test_cases.name AS test_cases_name, test_cases.description AS test_cases_description, test_cases.testbench AS test_cases_testbench, test_cases.visibility AS test_cases_visibility, test_cases.weight AS test_cases_weight, test_cases.execution_order AS test_cases_execution_order, test_cases.enabled AS test_cases_enabled, test_cases.created_at AS test_cases_created_at, test_cases.updated_at AS test_cases_updated_at 
FROM test_cases 
WHERE %(param_1)s = test_cases.problem_id ORDER BY test_cases.execution_order
2026-09-12 13:38:44,875 INFO sqlalchemy.engine.Engine [generated in 0.00028s] {'param_1': 1}
INFO:     127.0.0.1:65294 - "OPTIONS /api/problems/and-gate HTTP/1.1" 200 OK
INFO:     127.0.0.1:60422 - "OPTIONS /api/problems/and-gate HTTP/1.1" 200 OK
2026-09-12 13:38:49,801 INFO sqlalchemy.engine.Engine BEGIN (implicit)
2026-09-12 13:38:49,807 INFO sqlalchemy.engine.Engine SELECT users.id AS users_id, users.email AS users_email, users.username AS users_username, users.password_hash AS users_password_hash, users.display_name AS users_display_name, users.avatar_url AS users_avatar_url, users.xp AS users_xp, users.level AS users_level, users.solved_count AS users_solved_count, users.total_submissions AS users_total_submissions, users.created_at AS users_created_at, users.updated_at AS users_updated_at, users.last_login_at AS users_last_login_at 
FROM users 
WHERE users.id = %(id_1)s 
 LIMIT %(param_1)s
2026-09-12 13:38:49,808 INFO sqlalchemy.engine.Engine [generated in 0.00066s] {'id_1': 1, 'param_1': 1}
2026-09-12 13:38:49,821 INFO sqlalchemy.engine.Engine BEGIN (implicit)
2026-09-12 13:38:49,822 INFO sqlalchemy.engine.Engine SELECT problems.id AS problems_id, problems.slug AS problems_slug, problems.title AS problems_title, problems.description AS problems_description, problems.difficulty AS problems_difficulty, problems.category AS problems_category, problems.language AS problems_language, problems.input_description AS problems_input_description, problems.output_description AS problems_output_description, problems.constraints AS problems_constraints, problems.starter_code AS problems_starter_code, problems.test_cases AS problems_test_cases, problems.time_limit AS problems_time_limit, problems.memory_limit AS problems_memory_limit, problems.created_at AS problems_created_at, problems.updated_at AS problems_updated_at 
FROM problems 
WHERE problems.slug = %(slug_1)s 
 LIMIT %(param_1)s
2026-09-12 13:38:49,823 INFO sqlalchemy.engine.Engine [cached since 4.958s ago] {'slug_1': 'and-gate', 'param_1': 1}
INFO:     127.0.0.1:51834 - "GET /api/auth/me HTTP/1.1" 200 OK
2026-09-12 13:38:49,844 INFO sqlalchemy.engine.Engine ROLLBACK
INFO:     127.0.0.1:65294 - "GET /api/problems/and-gate HTTP/1.1" 200 OK
2026-09-12 13:38:49,865 INFO sqlalchemy.engine.Engine ROLLBACK
2026-09-12 13:38:49,871 INFO sqlalchemy.engine.Engine BEGIN (implicit)
2026-09-12 13:38:49,872 INFO sqlalchemy.engine.Engine SELECT users.id AS users_id, users.email AS users_email, users.username AS users_username, users.password_hash AS users_password_hash, users.display_name AS users_display_name, users.avatar_url AS users_avatar_url, users.xp AS users_xp, users.level AS users_level, users.solved_count AS users_solved_count, users.total_submissions AS users_total_submissions, users.created_at AS users_created_at, users.updated_at AS users_updated_at, users.last_login_at AS users_last_login_at 
FROM users 
WHERE users.id = %(id_1)s 
 LIMIT %(param_1)s
2026-09-12 13:38:49,873 INFO sqlalchemy.engine.Engine [cached since 0.06563s ago] {'id_1': 1, 'param_1': 1}
2026-09-12 13:38:49,874 INFO sqlalchemy.engine.Engine BEGIN (implicit)
2026-09-12 13:38:49,876 INFO sqlalchemy.engine.Engine SELECT problems.id AS problems_id, problems.slug AS problems_slug, problems.title AS problems_title, problems.description AS problems_description, problems.difficulty AS problems_difficulty, problems.category AS problems_category, problems.language AS problems_language, problems.input_description AS problems_input_description, problems.output_description AS problems_output_description, problems.constraints AS problems_constraints, problems.starter_code AS problems_starter_code, problems.test_cases AS problems_test_cases, problems.time_limit AS problems_time_limit, problems.memory_limit AS problems_memory_limit, problems.created_at AS problems_created_at, problems.updated_at AS problems_updated_at 
FROM problems 
WHERE problems.slug = %(slug_1)s 
 LIMIT %(param_1)s
2026-09-12 13:38:49,876 INFO sqlalchemy.engine.Engine [cached since 5.011s ago] {'slug_1': 'and-gate', 'param_1': 1}
INFO:     127.0.0.1:51834 - "GET /api/auth/me HTTP/1.1" 200 OK
INFO:     127.0.0.1:60422 - "GET /api/problems/and-gate HTTP/1.1" 200 OK
2026-09-12 13:38:49,880 INFO sqlalchemy.engine.Engine ROLLBACK
2026-09-12 13:38:49,881 INFO sqlalchemy.engine.Engine ROLLBACK
2026-09-12 13:38:55,758 INFO sqlalchemy.engine.Engine BEGIN (implicit)
2026-09-12 13:38:55,758 INFO sqlalchemy.engine.Engine SELECT problems.id AS problems_id, problems.slug AS problems_slug, problems.title AS problems_title, problems.description AS problems_description, problems.difficulty AS problems_difficulty, problems.category AS problems_category, problems.language AS problems_language, problems.input_description AS problems_input_description, problems.output_description AS problems_output_description, problems.constraints AS problems_constraints, problems.starter_code AS problems_starter_code, problems.test_cases AS problems_test_cases, problems.time_limit AS problems_time_limit, problems.memory_limit AS problems_memory_limit, problems.created_at AS problems_created_at, problems.updated_at AS problems_updated_at 
FROM problems 
WHERE problems.slug = %(slug_1)s 
 LIMIT %(param_1)s
2026-09-12 13:38:55,758 INFO sqlalchemy.engine.Engine [cached since 10.89s ago] {'slug_1': 'and-gate', 'param_1': 1}
2026-09-12 13:38:55,764 INFO sqlalchemy.engine.Engine SELECT test_cases.id AS test_cases_id, test_cases.problem_id AS test_cases_problem_id, test_cases.name AS test_cases_name, test_cases.description AS test_cases_description, test_cases.testbench AS test_cases_testbench, test_cases.visibility AS test_cases_visibility, test_cases.weight AS test_cases_weight, test_cases.execution_order AS test_cases_execution_order, test_cases.enabled AS test_cases_enabled, test_cases.created_at AS test_cases_created_at, test_cases.updated_at AS test_cases_updated_at 
FROM test_cases 
WHERE %(param_1)s = test_cases.problem_id ORDER BY test_cases.execution_order
2026-09-12 13:38:55,765 INFO sqlalchemy.engine.Engine [cached since 10.89s ago] {'param_1': 1}
2026-09-12 13:39:07,991 INFO sqlalchemy.engine.Engine INSERT INTO submissions (problem_id, code, language, status, score, tests_passed, tests_total, execution_time, compilation_message) VALUES (%(problem_id)s, %(code)s, %(language)s, %(status)s, %(score)s, %(tests_passed)s, %(tests_total)s, %(execution_time)s, %(compilation_message)s) RETURNING submissions.id, submissions.created_at
2026-09-12 13:39:07,991 INFO sqlalchemy.engine.Engine [generated in 0.00050s] {'problem_id': 1, 'code': 'module and_gate (\n    input logic a,\n    input logic b,\n    output logic y\n);\n\n    assign y = a & b;\n\nendmodule', 'language': 'SYSTEMVERILOG', 'status': 'PARTIAL', 'score': 50.0, 'tests_passed': 1, 'tests_total': 2, 'execution_time': 23.106171131134033, 'compilation_message': ''}
2026-09-12 13:39:08,002 INFO sqlalchemy.engine.Engine INSERT INTO submission_test_results (submission_id, test_case_id, test_name, status, score, message, expected, actual) SELECT p0::INTEGER, p1::INTEGER, p2::VARCHAR, p3::VARCHAR, p4::FLOAT, p5::TEXT, p6::TEXT, p7::TEXT FROM (VALUES (%(submission_id__0 ... 317 characters truncated ... nter) ORDER BY sen_counter RETURNING submission_test_results.id, submission_test_results.id AS id__1
2026-09-12 13:39:08,002 INFO sqlalchemy.engine.Engine [generated in 0.00033s (insertmanyvalues) 1/1 (ordered)] {'expected__0': '', 'status__0': 'PASSED', 'test_name__0': 'vectors 1-3 (basic)', 'score__0': 0.1, 'actual__0': '', 'test_case_id__0': 48, 'submission_id__0': 10, 'message__0': 'PASSED', 'expected__1': '', 'status__1': 'FAILED', 'test_name__1': 'vectors 1-3 (verify)', 'score__1': 0.0, 'actual__1': '', 'test_case_id__1': 49, 'submission_id__1': 10, 'message__1': 'FAILED'}
2026-09-12 13:39:08,013 INFO sqlalchemy.engine.Engine COMMIT
2026-09-12 13:39:08,017 INFO sqlalchemy.engine.Engine BEGIN (implicit)
2026-09-12 13:39:08,020 INFO sqlalchemy.engine.Engine SELECT submissions.id, submissions.problem_id, submissions.code, submissions.language, submissions.status, submissions.score, submissions.tests_passed, submissions.tests_total, submissions.execution_time, submissions.compilation_message, submissions.created_at 
FROM submissions 
WHERE submissions.id = %(pk_1)s
2026-09-12 13:39:08,020 INFO sqlalchemy.engine.Engine [generated in 0.00044s] {'pk_1': 10}
2026-09-12 13:39:08,028 INFO sqlalchemy.engine.Engine SELECT problems.id AS problems_id, problems.slug AS problems_slug, problems.title AS problems_title, problems.description AS problems_description, problems.difficulty AS problems_difficulty, problems.category AS problems_category, problems.language AS problems_language, problems.input_description AS problems_input_description, problems.output_description AS problems_output_description, problems.constraints AS problems_constraints, problems.starter_code AS problems_starter_code, problems.test_cases AS problems_test_cases, problems.time_limit AS problems_time_limit, problems.memory_limit AS problems_memory_limit, problems.created_at AS problems_created_at, problems.updated_at AS problems_updated_at 
FROM problems 
WHERE problems.id = %(pk_1)s
2026-09-12 13:39:08,028 INFO sqlalchemy.engine.Engine [generated in 0.00034s] {'pk_1': 1}
2026-09-12 13:39:08,033 INFO sqlalchemy.engine.Engine ROLLBACK
2026-09-12 13:39:10,379 INFO sqlalchemy.engine.Engine INSERT INTO submissions (problem_id, code, language, status, score, tests_passed, tests_total, execution_time, compilation_message) VALUES (%(problem_id)s, %(code)s, %(language)s, %(status)s, %(score)s, %(tests_passed)s, %(tests_total)s, %(execution_time)s, %(compilation_message)s) RETURNING submissions.id, submissions.created_at
2026-09-12 13:39:10,380 INFO sqlalchemy.engine.Engine [cached since 2.389s ago] {'problem_id': 1, 'code': 'module and_gate (\n    input logic a,\n    input logic b,\n    output logic y\n);\n\n    assign y = a & b;\n\nendmodule', 'language': 'SYSTEMVERILOG', 'status': 'PASSED', 'score': 100.0, 'tests_passed': 2, 'tests_total': 2, 'execution_time': 14.606302261352539, 'compilation_message': ''}
2026-09-12 13:39:10,386 INFO sqlalchemy.engine.Engine INSERT INTO submission_test_results (submission_id, test_case_id, test_name, status, score, message, expected, actual) SELECT p0::INTEGER, p1::INTEGER, p2::VARCHAR, p3::VARCHAR, p4::FLOAT, p5::TEXT, p6::TEXT, p7::TEXT FROM (VALUES (%(submission_id__0 ... 317 characters truncated ... nter) ORDER BY sen_counter RETURNING submission_test_results.id, submission_test_results.id AS id__1
2026-09-12 13:39:10,387 INFO sqlalchemy.engine.Engine [cached since 2.385s ago (insertmanyvalues) 1/1 (ordered)] {'expected__0': '', 'status__0': 'PASSED', 'test_name__0': 'vectors 1-3 (basic)', 'score__0': 0.1, 'actual__0': '', 'test_case_id__0': 48, 'submission_id__0': 11, 'message__0': 'PASSED', 'expected__1': '', 'status__1': 'PASSED', 'test_name__1': 'vectors 1-3 (verify)', 'score__1': 0.1, 'actual__1': '', 'test_case_id__1': 49, 'submission_id__1': 11, 'message__1': 'PASSED'}
2026-09-12 13:39:10,396 INFO sqlalchemy.engine.Engine COMMIT
2026-09-12 13:39:10,400 INFO sqlalchemy.engine.Engine BEGIN (implicit)
2026-09-12 13:39:10,401 INFO sqlalchemy.engine.Engine SELECT submissions.id, submissions.problem_id, submissions.code, submissions.language, submissions.status, submissions.score, submissions.tests_passed, submissions.tests_total, submissions.execution_time, submissions.compilation_message, submissions.created_at 
FROM submissions 
WHERE submissions.id = %(pk_1)s
2026-09-12 13:39:10,402 INFO sqlalchemy.engine.Engine [cached since 2.382s ago] {'pk_1': 11}
2026-09-12 13:39:10,404 INFO sqlalchemy.engine.Engine SELECT problems.id AS problems_id, problems.slug AS problems_slug, problems.title AS problems_title, problems.description AS problems_description, problems.difficulty AS problems_difficulty, problems.category AS problems_category, problems.language AS problems_language, problems.input_description AS problems_input_description, problems.output_description AS problems_output_description, problems.constraints AS problems_constraints, problems.starter_code AS problems_starter_code, problems.test_cases AS problems_test_cases, problems.time_limit AS problems_time_limit, problems.memory_limit AS problems_memory_limit, problems.created_at AS problems_created_at, problems.updated_at AS problems_updated_at 
FROM problems 
WHERE problems.id = %(pk_1)s
2026-09-12 13:39:10,405 INFO sqlalchemy.engine.Engine [cached since 2.377s ago] {'pk_1': 1}
INFO:     127.0.0.1:63826 - "POST /api/submissions/run HTTP/1.1" 200 OK
2026-09-12 13:39:10,409 INFO sqlalchemy.engine.Engine ROLLBACK
INFO:     127.0.0.1:63826 - "OPTIONS /api/submissions/submit HTTP/1.1" 200 OK
2026-09-12 13:39:14,345 INFO sqlalchemy.engine.Engine BEGIN (implicit)
2026-09-12 13:39:14,345 INFO sqlalchemy.engine.Engine SELECT problems.id AS problems_id, problems.slug AS problems_slug, problems.title AS problems_title, problems.description AS problems_description, problems.difficulty AS problems_difficulty, problems.category AS problems_category, problems.language AS problems_language, problems.input_description AS problems_input_description, problems.output_description AS problems_output_description, problems.constraints AS problems_constraints, problems.starter_code AS problems_starter_code, problems.test_cases AS problems_test_cases, problems.time_limit AS problems_time_limit, problems.memory_limit AS problems_memory_limit, problems.created_at AS problems_created_at, problems.updated_at AS problems_updated_at 
FROM problems 
WHERE problems.slug = %(slug_1)s 
 LIMIT %(param_1)s
2026-09-12 13:39:14,345 INFO sqlalchemy.engine.Engine [cached since 29.48s ago] {'slug_1': 'and-gate', 'param_1': 1}
2026-09-12 13:39:14,347 INFO sqlalchemy.engine.Engine SELECT test_cases.id AS test_cases_id, test_cases.problem_id AS test_cases_problem_id, test_cases.name AS test_cases_name, test_cases.description AS test_cases_description, test_cases.testbench AS test_cases_testbench, test_cases.visibility AS test_cases_visibility, test_cases.weight AS test_cases_weight, test_cases.execution_order AS test_cases_execution_order, test_cases.enabled AS test_cases_enabled, test_cases.created_at AS test_cases_created_at, test_cases.updated_at AS test_cases_updated_at 
FROM test_cases 
WHERE %(param_1)s = test_cases.problem_id ORDER BY test_cases.execution_order
2026-09-12 13:39:14,347 INFO sqlalchemy.engine.Engine [cached since 29.47s ago] {'param_1': 1}
2026-09-12 13:40:13,663 INFO sqlalchemy.engine.Engine INSERT INTO submissions (problem_id, code, language, status, score, tests_passed, tests_total, execution_time, compilation_message) VALUES (%(problem_id)s, %(code)s, %(language)s, %(status)s, %(score)s, %(tests_passed)s, %(tests_total)s, %(execution_time)s, %(compilation_message)s) RETURNING submissions.id, submissions.created_at
2026-09-12 13:40:13,663 INFO sqlalchemy.engine.Engine [cached since 65.67s ago] {'problem_id': 1, 'code': 'module and_gate (\n    input logic a,\n    input logic b,\n    output logic y\n);\n\n    assign y = a & b;\n\nendmodule', 'language': 'SYSTEMVERILOG', 'status': 'PARTIAL', 'score': 20.0, 'tests_passed': 2, 'tests_total': 10, 'execution_time': 59.30751180648804, 'compilation_message': ''}
2026-09-12 13:40:13,668 INFO sqlalchemy.engine.Engine INSERT INTO submission_test_results (submission_id, test_case_id, test_name, status, score, message, expected, actual) SELECT p0::INTEGER, p1::INTEGER, p2::VARCHAR, p3::VARCHAR, p4::FLOAT, p5::TEXT, p6::TEXT, p7::TEXT FROM (VALUES (%(submission_id__0 ... 1461 characters truncated ... nter) ORDER BY sen_counter RETURNING submission_test_results.id, submission_test_results.id AS id__1
2026-09-12 13:40:13,669 INFO sqlalchemy.engine.Engine [cached since 65.67s ago (insertmanyvalues) 1/1 (ordered)] {'expected__0': '', 'status__0': 'PASSED', 'test_name__0': 'vectors 1-3 (basic)', 'score__0': 0.1, 'actual__0': '', 'test_case_id__0': 48, 'submission_id__0': 12, 'message__0': 'PASSED', 'expected__1': '', 'status__1': 'PASSED', 'test_name__1': 'vectors 1-3 (verify)', 'score__1': 0.1, 'actual__1': '', 'test_case_id__1': 49, 'submission_id__1': 12, 'message__1': 'PASSED', 'expected__2': '', 'status__2': 'FAILED', 'test_name__2': 'vectors 1-10 (full)', 'score__2': 0.0, 'actual__2': '', 'test_case_id__2': 50, 'submission_id__2': 12, 'message__2': 'Your design failed this test.', 'expected__3': '', 'status__3': 'FAILED', 'test_name__3': 'vectors 1-10 (repeat)', 'score__3': 0.0, 'actual__3': '', 'test_case_id__3': 51, 'submission_id__3': 12, 'message__3': 'Your design failed this test.', 'expected__4': '', 'status__4': 'FAILED', 'test_name__4': 'vectors 1-10 (edge)', 'score__4': 0.0, 'actual__4': '', 'test_case_id__4': 52, 'submission_id__4': 12, 'message__4': 'Your design failed this test.', 'expected__5': '', 'status__5': 'FAILED', 'test_name__5': 'vectors 1-10 (stress)', 'score__5': 0.0, 'actual__5': '', 'test_case_id__5': 53, 'submission_id__5': 12, 'message__5': 'Your design failed this test.', 'expected__6': '', 'status__6': 'FAILED', 'test_name__6': 'vectors 1-10 (final-a)', 'score__6': 0.0, 'actual__6': '', 'test_case_id__6': 54, 'submission_id__6': 12, 'message__6': 'Your design failed this test.', 'expected__7': '', 'status__7': 'FAILED', 'test_name__7': 'vectors 1-10 (final-b)', 'score__7': 0.0, 'actual__7': '', 'test_case_id__7': 55, 'submission_id__7': 12, 'message__7': 'Your design failed this test.', 'expected__8': '', 'status__8': 'FAILED', 'test_name__8': 'vectors 1-10 (final-c)', 'score__8': 0.0, 'actual__8': '', 'test_case_id__8': 56, 'submission_id__8': 12, 'message__8': 'Your design failed this test.', 'expected__9': '', 'status__9': 'FAILED', 'test_name__9': 'vectors 1-10 (final-d)', 'score__9': 0.0, 'actual__9': '', 'test_case_id__9': 57, 'submission_id__9': 12, 'message__9': 'Your design failed this test.'}
2026-09-12 13:40:13,675 INFO sqlalchemy.engine.Engine COMMIT
2026-09-12 13:40:13,681 INFO sqlalchemy.engine.Engine BEGIN (implicit)
2026-09-12 13:40:13,682 INFO sqlalchemy.engine.Engine SELECT submissions.id, submissions.problem_id, submissions.code, submissions.language, submissions.status, submissions.score, submissions.tests_passed, submissions.tests_total, submissions.execution_time, submissions.compilation_message, submissions.created_at 
FROM submissions 
WHERE submissions.id = %(pk_1)s
2026-09-12 13:40:13,682 INFO sqlalchemy.engine.Engine [cached since 65.66s ago] {'pk_1': 12}
2026-09-12 13:40:13,685 INFO sqlalchemy.engine.Engine SELECT problems.id AS problems_id, problems.slug AS problems_slug, problems.title AS problems_title, problems.description AS problems_description, problems.difficulty AS problems_difficulty, problems.category AS problems_category, problems.language AS problems_language, problems.input_description AS problems_input_description, problems.output_description AS problems_output_description, problems.constraints AS problems_constraints, problems.starter_code AS problems_starter_code, problems.test_cases AS problems_test_cases, problems.time_limit AS problems_time_limit, problems.memory_limit AS problems_memory_limit, problems.created_at AS problems_created_at, problems.updated_at AS problems_updated_at 
FROM problems 
WHERE problems.id = %(pk_1)s
2026-09-12 13:40:13,685 INFO sqlalchemy.engine.Engine [cached since 65.66s ago] {'pk_1': 1}
INFO:     127.0.0.1:63826 - "POST /api/submissions/submit HTTP/1.1" 200 OK
2026-09-12 13:40:13,688 INFO sqlalchemy.engine.Engine ROLLBACK
