
> hdlforge-temp@0.1.0 dev
> next dev

▲ Next.js 16.3.4 (Turbopack)
- Local:         http://localhost:3000
- Network:       http://172.30.249.79:3000
- Environments: .env.local
✓ Ready in 638ms
✓ Running next.config.ts took 49ms

 GET / 200 in 2.4s (next.js: 2.2s, application-code: 175ms)
 GET / 200 in 66ms (next.js: 16ms, application-code: 50ms)
 GET /problems 200 in 334ms (next.js: 310ms, application-code: 23ms)
 GET /problems/and-gate 200 in 851ms (next.js: 828ms, application-code: 22ms)
 GET /login 200 in 191ms (next.js: 175ms, application-code: 16ms)
 GET /signup 200 in 156ms (next.js: 138ms, application-code: 18ms)
 GET /login 200 in 19ms (next.js: 5ms, application-code: 14ms)
 GET /signup 200 in 21ms (next.js: 6ms, application-code: 15ms)
 GET /dashboard 200 in 187ms (next.js: 171ms, application-code: 16ms)
 GET /problems 200 in 27ms (next.js: 12ms, application-code: 14ms)
 GET /problems/and-gate 200 in 33ms (next.js: 15ms, application-code: 18ms)
 GET /problems/and-gate 200 in 169ms (next.js: 20ms, application-code: 148ms)
 GET /problems/and-gate 200 in 127ms (next.js: 30ms, application-code: 97ms)
✓ Compiled in 115ms
 GET /problems/and-gate 200 in 149ms (next.js: 25ms, application-code: 124ms)
